{
  "pilot": "flight",
  "verified": true,
  "results": [
    {
      "interval": 0.15,
      "tapTicks": [
        0,
        9,
        18,
        27,
        36,
        45,
        54,
        63,
        72,
        81,
        90,
        99,
        108,
        117,
        126,
        135,
        144,
        153,
        162,
        171,
        180,
        189,
        198,
        207,
        216,
        225,
        234
      ],
      "firstTapPoses": [
        "asc1"
      ],
      "allPoses": [
        "asc1",
        "asc2",
        "asc3",
        "desc1",
        "desc2",
        "desc3",
        "desc4",
        "desc5"
      ],
      "framesDuringInput": [
        1,
        2,
        3
      ]
    },
    {
      "interval": 0.3,
      "tapTicks": [
        0,
        18,
        36,
        54,
        72,
        90,
        108,
        126,
        144,
        162,
        180,
        198,
        216,
        234
      ],
      "firstTapPoses": [
        "asc1",
        "asc2"
      ],
      "allPoses": [
        "asc1",
        "asc2",
        "asc3",
        "desc1",
        "desc2",
        "desc3",
        "desc4",
        "desc5"
      ],
      "framesDuringInput": [
        1,
        2,
        3
      ]
    },
    {
      "interval": 0.6,
      "tapTicks": [
        0,
        36,
        72,
        108,
        144,
        180,
        216
      ],
      "firstTapPoses": [
        "asc1",
        "asc2",
        "asc3"
      ],
      "allPoses": [
        "asc1",
        "asc2",
        "asc3",
        "desc1",
        "desc2",
        "desc3",
        "desc4",
        "desc5"
      ],
      "framesDuringInput": [
        1,
        2,
        3
      ]
    },
    {
      "interval": 1.2,
      "tapTicks": [
        0,
        72,
        144,
        216
      ],
      "firstTapPoses": [
        "asc1",
        "asc2",
        "asc3",
        "desc1",
        "desc2",
        "desc3",
        "desc4"
      ],
      "allPoses": [
        "asc1",
        "asc2",
        "asc3",
        "desc1",
        "desc2",
        "desc3",
        "desc4",
        "desc5"
      ],
      "framesDuringInput": [
        1,
        2,
        3
      ]
    }
  ]
}
